; R0 - Index for storing input values (starting at address 100)
; R1 - Counter (number of values to read)
; R2 - Current input value
; R3 - Target value
; R4 - Smallest difference found so far
; R5 - Closest number found

                         LOC    100              		; Start at lower address
000144     000024        Data   20               		; Start of numbers storage (20 words)
000145     000012        Data   10                    
000146     000036        Data   30                    
000147     000000        Data   0                     
000150     000000        Data   0                     
000151     000000        Data   0                     
000152     000000        Data   0                     
000153     000000        Data   0                     
000154     000000        Data   0                     
000155     000000        Data   0                     
000156     000000        Data   0                     
000157     000000        Data   0                     
000160     000000        Data   0                     
000161     000000        Data   0                     
000162     000000        Data   0                     
000163     000000        Data   0                     
000164     000000        Data   0                     
000165     000000        Data   0                     
000166     000000        Data   0                     

                         LOC    6                     
000006     000024        Data   20                    
000007     000000        Data   0                     
000010     000144        Data   100                   

000011     122110        LDX    1,TEMP           		; IX1 gets 100
000012     006000        LDA    0,0,0            		; Initialize R0 for offset
000013     147000        IN     2,0              		; Get input into R2
000014     005100        STR    2,1,0            		; Store R2 at memory[0 + IX1]
000015     002100        LDR    0,1,0            		; Load current IX1 value into R0
000016     014001        AIR    0,1              		; Increment it
000017     124001        STX    0,1,0            		; Store incremented value back to IX1
000020     003406        LDR    3,0,COUNT        		; Get count
000021     017401        SIR    3,1              		; Decrement count
000022     005406        STR    3,0,COUNT        		; Save count
000023     027413        JNE    3,0,RDLOOP       		; Loop if count not zero
000024     05027777      JZ     0,1,End               

                         LOC    4095                  
007777     000000        HLT                     		; Stop
